// Jest Snapshot v1, https://goo.gl/fbAQLP

exports[`<B /> should match shallow snapshot 1`] = `"<nav><a href=\\"#\\">I am link 0.</a><a href=\\"#\\">I am link 1.</a><a href=\\"#\\">I am link 2.</a></nav>"`;

exports[`<B /> should match snapshot 1`] = `"<nav><a href=\\"#\\"><!-- react-text: 3 -->I am link <!-- /react-text --><!-- react-text: 4 -->0<!-- /react-text --><!-- react-text: 5 -->.<!-- /react-text --></a><a href=\\"#\\"><!-- react-text: 7 -->I am link <!-- /react-text --><!-- react-text: 8 -->1<!-- /react-text --><!-- react-text: 9 -->.<!-- /react-text --></a><a href=\\"#\\"><!-- react-text: 11 -->I am link <!-- /react-text --><!-- react-text: 12 -->2<!-- /react-text --><!-- react-text: 13 -->.<!-- /react-text --></a></nav>"`;
